// Jest Snapshot v1, https://goo.gl/fbAQLP

exports[`The Modal Component when rendered should match snapshot 1`] = `undefined`;
